[www.cursosato.com/metodoatopv55a2.html]
[backblue.gif]
[fade.gif]
[index.html]
[cdn.greatsoftwares.com.br/arquivos/paginas/5368-4fe549e87d293825c6d4494fc329bdc6.png]
[www.cursosato.com/metodoatopv.html]
[cdn.greatsoftwares.com.br/arquivos/paginas_publicadas/www.cursosato.com-metodoatopv/imagens/desktop/1644950493-300005-5368-11fc7e833105096faf6c659ac8be9821.png]
[cdn.greatsoftwares.com.br/arquivos/paginas_publicadas/www.cursosato.com-metodoatopv/imagens/desktop/1644950493-2640355-5368-4bcdd1897fbf1dcce0b518caf8c79daa.png]
[cdn.greatsoftwares.com.br/arquivos/paginas_publicadas/www.cursosato.com-metodoatopv/imagens/desktop/1644950493-2640356_d-5368-bc3f7fd488b2d08dd1b02ee47e41796f.png]
[cdn.greatsoftwares.com.br/arquivos/paginas_publicadas/www.cursosato.com-metodoatopv/imagens/mobile/1644950493-300005-5368-3b5f35c7944116ebc2109e6a1e4d74f1.png]
[cdn.greatsoftwares.com.br/arquivos/paginas_publicadas/www.cursosato.com-metodoatopv/imagens/mobile/1644950493-2640355-5368-4bcdd1897fbf1dcce0b518caf8c79daa.png]
[cdn.greatsoftwares.com.br/arquivos/paginas_publicadas/www.cursosato.com-metodoatopv/imagens/mobile/1644950493-2640356_d-5368-bc3f7fd488b2d08dd1b02ee47e41796f.png]
[cdn.greatsoftwares.com.br/arquivos/paginas_publicadas/www.cursosato.com-metodoatopv/imagens/desktop/1644950493-300008-5368-0429f528a1416e0397e7843687bf2045.jpg]
[cdn.greatsoftwares.com.br/arquivos/paginas_publicadas/www.cursosato.com-metodoatopv/imagens/mobile/1644950493-2640363-5368-3eefa59c7e8f7dd1da3b98b9d253bd7f.png]
[cdn.greatsoftwares.com.br/arquivos/paginas_publicadas/www.cursosato.com-metodoatopv/imagens/mobile/1644950493-2640365-5368-d74a6b7dea43995ee5733f2f7a2f41c3.png]
[cdn.greatsoftwares.com.br/arquivos/paginas_publicadas/www.cursosato.com-metodoatopv/imagens/mobile/1644950493-2640366-5368-d74a6b7dea43995ee5733f2f7a2f41c3.png]
[cdn.greatsoftwares.com.br/arquivos/paginas_publicadas/www.cursosato.com-metodoatopv/imagens/mobile/1644950493-2640367-5368-43367a9f6d48d6bcc7a966732390130b.png]
[cdn.greatsoftwares.com.br/arquivos/paginas_publicadas/www.cursosato.com-metodoatopv/imagens/desktop/1644950493-300010-5368-0c7481a1ddf44bc5a6037465db067097.jpg]
[cdn.greatsoftwares.com.br/arquivos/paginas_publicadas/www.cursosato.com-metodoatopv/imagens/mobile/1644950493-2640396-5368-f78b1c951bbe8ff8faac3c46c2db9bb7.png]
[cdn.greatsoftwares.com.br/arquivos/paginas_publicadas/www.cursosato.com-metodoatopv/imagens/mobile/1644950493-2640397-5368-067466cd20db0c59fe80a87ad3cad30a.png]
[cdn.greatsoftwares.com.br/arquivos/paginas_publicadas/www.cursosato.com-metodoatopv/imagens/mobile/1644950493-2640398-5368-bd00b9b147b4e877bf4f498f78657d3e.png]
[cdn.greatsoftwares.com.br/arquivos/paginas_publicadas/www.cursosato.com-metodoatopv/imagens/desktop/1644950493-2640419-5368-1988727332b5610a93af0708f7ffb946.png]
[cdn.greatsoftwares.com.br/arquivos/paginas_publicadas/www.cursosato.com-metodoatopv/imagens/desktop/1644950493-2640426-5368-612acfec6e790c9ae4ce27a690b078ea.png]
[cdn.greatsoftwares.com.br/arquivos/paginas_publicadas/www.cursosato.com-metodoatopv/imagens/desktop/1644950493-2640433-5368-727720dd7b0eb98811b9fd39f7ae7b25.png]
[cdn.greatsoftwares.com.br/arquivos/paginas_publicadas/www.cursosato.com-metodoatopv/imagens/desktop/1644950493-2640440-5368-7938ec51a0131a54e2e62dbdf4cd48fa.png]
[cdn.greatsoftwares.com.br/arquivos/paginas_publicadas/www.cursosato.com-metodoatopv/imagens/mobile/1644950493-2640356_m-5368-bc3f7fd488b2d08dd1b02ee47e41796f.png]
[cdn.greatsoftwares.com.br/arquivos/paginas_publicadas/www.cursosato.com-metodoatopv/imagens/mobile/1644950493-2640449-5368-a2aa36fe7e06f24db7e55433e600189e.png]
[cdn.greatsoftwares.com.br/arquivos/paginas_publicadas/www.cursosato.com-metodoatopv/imagens/mobile/1644950493-2640458-5368-4a9e054727451a8a35916be166e03c6b.png]
[cdn.greatsoftwares.com.br/arquivos/paginas_publicadas/www.cursosato.com-metodoatopv/imagens/desktop/1644950493-2640361-5368-4bcdd1897fbf1dcce0b518caf8c79daa.png]
[cdn.greatsoftwares.com.br/arquivos/paginas_publicadas/www.cursosato.com-metodoatopv/css-1644950493.css]
[www.cursosato.com/metodoatopv55a2.html]
[cdn.greatsoftwares.com.br/arquivos/paginas_publicadas/www.cursosato.com-metodoatopv/js-1644950493.js]
[www.cursosato.com/metodoatopv.html]
[cdn.greatsoftwares.com.br/arquivos/paginas_publicadas/www.cursosato.com-metodoatopv/css-1644950493.css]
